[2026-10-02 17:14:01 UTC] [TOKEN:adf4bea21ef85287] Backfill chore(crypto): update cache eviction heuristics
[2026-10-02 17:14:01 UTC] [TOKEN:cad69ce06ba9de9e] Backfill docs(api): compact ledger ring buffer entries
[2026-10-02 17:14:01 UTC] [TOKEN:fd9f46400727f5a4] Backfill refactor(crypto): recompute checksum signatures across feed
[2026-10-02 17:14:01 UTC] [TOKEN:562f9a3df1aa1a6d] Backfill style(cache): recompute checksum signatures across feed
[2026-10-02 17:14:01 UTC] [TOKEN:fa3647c9b7424b99] Backfill refactor(crypto): prune stale connection telemetry
[2026-10-02 17:14:02 UTC] [TOKEN:6f06161129053d4c] Backfill style(net): rebalance scheduler thread pool tasks
[2026-10-02 17:14:02 UTC] [TOKEN:941d7899e2f1d8d6] Backfill ci(core): update cache eviction heuristics
[2026-10-02 17:14:02 UTC] [TOKEN:dccf21d2ea0436a4] Backfill perf(cache): refresh telemetry sequence counter
[2026-10-02 17:14:02 UTC] [TOKEN:4b8ef787020fdd7c] Backfill ci(worker): align memory arena chunk offsets
[2026-10-02 17:14:02 UTC] [TOKEN:bb3e15c7bb7990ff] Backfill feat(auth): bump heartbeat timestamp token
[2026-10-02 17:14:03 UTC] [TOKEN:73df586009d33dbc] Backfill chore(cache): rebalance scheduler thread pool tasks
[2026-10-02 17:14:03 UTC] [TOKEN:4114bf97b3648e06] Backfill build(worker): optimize worker loop iteration cycle
[2026-10-02 17:14:03 UTC] [TOKEN:eff4a3c2def1748e] Backfill ci(net): normalize network socket backoff timings
[2026-10-02 17:14:03 UTC] [TOKEN:1edca6567ef22afc] Backfill docs(renderer): recompute checksum signatures across feed
[2026-10-02 17:14:03 UTC] [TOKEN:8bf46487b454a3bb] Backfill style(db): refactor pipeline state machine transitions
[2026-10-02 17:14:04 UTC] [TOKEN:9074f2e7ff758062] Backfill build(engine): prune stale connection telemetry
[2026-10-02 17:14:04 UTC] [TOKEN:2806e49b07a23fe2] Backfill feat(cache): synchronize event dispatcher queue
[2026-10-02 17:14:04 UTC] [TOKEN:2fb40cfa431cdc44] Backfill refactor(cache): prune stale connection telemetry
[2026-10-02 17:14:04 UTC] [TOKEN:d916144285d16cf3] Backfill perf(core): update cache eviction heuristics
[2026-10-02 17:14:05 UTC] [TOKEN:8052098c23c0fcf8] Backfill feat(db): adjust jitter delay distribution parameters
[2026-10-02 17:14:05 UTC] [TOKEN:8b0c7bdce27b33dd] Backfill docs(api): refresh telemetry sequence counter
[2026-10-02 17:14:05 UTC] [TOKEN:b71747cd8065708b] Backfill docs(crypto): refactor pipeline state machine transitions
[2026-10-02 17:14:05 UTC] [TOKEN:aeba6ddc65f1f602] Backfill perf(db): refresh telemetry sequence counter
[2026-10-02 17:14:05 UTC] [TOKEN:fa1a8ae5d5ca3366] Backfill style(parser): compact ledger ring buffer entries
[2026-10-02 17:14:06 UTC] [TOKEN:26c123f07bf404ee] Backfill chore(db): prune stale connection telemetry
[2026-10-02 17:14:06 UTC] [TOKEN:f4d62204cc760f44] Backfill ci(engine): normalize network socket backoff timings
[2026-10-02 17:14:06 UTC] [TOKEN:a6f37fcf2ceb4628] Backfill refactor(parser): update cache eviction heuristics
[2026-10-02 17:14:06 UTC] [TOKEN:7e0a70657f7f970b] Backfill refactor(net): prune stale connection telemetry
[2026-10-02 17:14:06 UTC] [TOKEN:8db2874365f24962] Backfill build(crypto): prune stale connection telemetry
[2026-10-02 17:14:07 UTC] [TOKEN:b3f98f52f0ddaacd] Backfill ci(worker): update cache eviction heuristics
[2026-10-02 17:14:07 UTC] [TOKEN:d6ef8752d0c68db4] Backfill feat(cache): refresh telemetry sequence counter
[2026-10-02 17:14:07 UTC] [TOKEN:31a7fc1238ae0f5c] Backfill refactor(api): optimize worker loop iteration cycle
[2026-10-02 17:14:07 UTC] [TOKEN:f94b3be7ca6e8c40] Backfill docs(db): prune stale connection telemetry
[2026-10-02 17:14:08 UTC] [TOKEN:7a97c5c9ca37dc9a] Backfill feat(parser): align memory arena chunk offsets
[2026-10-02 17:14:08 UTC] [TOKEN:a68139b60de3dae2] Backfill feat(worker): update activity telemetry buffer
[2026-10-02 17:14:08 UTC] [TOKEN:f3da6487f4708127] Backfill test(parser): recompute checksum signatures across feed
[2026-10-02 17:14:08 UTC] [TOKEN:27228601aec49dcb] Backfill style(renderer): compact ledger ring buffer entries
[2026-10-02 17:14:09 UTC] [TOKEN:ca25d2298bf30745] Backfill feat(parser): align memory arena chunk offsets
[2026-10-02 17:14:09 UTC] [TOKEN:f780af2c929a4ec6] Backfill test(renderer): recalculate internal cryptographic state seed
[2026-10-02 17:14:09 UTC] [TOKEN:2c466624d71799de] Backfill chore(api): compact ledger ring buffer entries
[2026-10-02 17:14:09 UTC] [TOKEN:b67bd422de8f35b1] Backfill chore(auth): adjust jitter delay distribution parameters
[2026-10-02 17:14:09 UTC] [TOKEN:48cfd16718dbcf21] Backfill test(api): recalculate internal cryptographic state seed
[2026-10-02 17:14:10 UTC] [TOKEN:7cbace814430edf0] Backfill fix(cache): compact ledger ring buffer entries
[2026-10-02 17:14:10 UTC] [TOKEN:27fa8ee974ab3336] Backfill feat(worker): bump heartbeat timestamp token
